--- Copying files at Fri Jul 19 09:54:34 UTC 2024
--- Copying files at Fri Jul 19 09:59:33 UTC 2024
--- Copying files at Fri Jul 19 10:22:22 UTC 2024
--- Copying files at Fri Jul 19 10:42:28 UTC 2024
--- Copying files at Fri Jul 19 11:19:38 UTC 2024
--- Copying files at Fri Jul 19 12:45:46 UTC 2024
--- Copying files at Fri Jul 19 13:25:38 UTC 2024
--- Copying files at Sun Jul 21 11:18:37 UTC 2024
--- Copying files at Sun Jul 21 12:15:39 UTC 2024
--- Copying files at Sun Jul 21 12:30:56 UTC 2024
--- Copying files at Sun Jul 21 18:51:15 UTC 2024
--- Copying files at Sun Jul 21 19:17:08 UTC 2024
--- Copying files at Mon Jul 22 12:47:01 UTC 2024
--- Copying files at Tue Jul 23 13:14:36 UTC 2024
--- Copying files at Thu Jul 25 09:23:22 UTC 2024
--- Copying files at Fri Jul 26 09:56:14 UTC 2024
--- Copying files at Fri Jul 26 12:28:56 UTC 2024
--- Copying files at Fri Jul 26 14:01:31 UTC 2024
--- Copying files at Fri Jul 26 14:31:16 UTC 2024
--- Copying files at Fri Jul 26 16:11:31 UTC 2024
--- Copying files at Fri Jul 26 16:34:35 UTC 2024
--- Copying files at Sat Jul 27 12:04:19 UTC 2024
--- Copying files at Sat Jul 27 12:29:39 UTC 2024
--- Copying files at Mon Jul 29 11:05:09 UTC 2024
--- Copying files at Mon Jul 29 16:42:15 UTC 2024
--- Copying files at Mon Jul 29 17:15:42 UTC 2024
--- Copying files at Mon Jul 29 17:52:22 UTC 2024
--- Copying files at Mon Jul 29 18:14:43 UTC 2024
--- Copying files at Mon Jul 29 18:15:52 UTC 2024
--- Copying files at Mon Jul 29 18:48:04 UTC 2024
--- Copying files at Mon Jul 29 18:59:34 UTC 2024
--- Copying files at Mon Jul 29 19:29:57 UTC 2024
--- Copying files at Mon Jul 29 19:33:27 UTC 2024
--- Copying files at Mon Jul 29 21:45:09 UTC 2024
