Started at Sun Jul 28 22:24:43 UTC 2024
Processing 1111
Offering 1111 to Project Build Discarder
Processing aaa
Offering aaa to Project Build Discarder
Processing bachboucha
Offering bachboucha to Project Build Discarder
Processing nour
Offering nour to Project Build Discarder
Processing soussou
Offering soussou to Project Build Discarder
Processing vis
Offering vis to Project Build Discarder
Processing VisionaryOps
Offering VisionaryOps to Project Build Discarder
Finished at Sun Jul 28 22:24:43 UTC 2024. 75ms
Started at Sun Jul 28 23:24:42 UTC 2024
Processing 1111
Offering 1111 to Project Build Discarder
Processing aaa
Offering aaa to Project Build Discarder
Processing bachboucha
Offering bachboucha to Project Build Discarder
Processing nour
Offering nour to Project Build Discarder
Processing soussou
Offering soussou to Project Build Discarder
Processing vis
Offering vis to Project Build Discarder
Processing VisionaryOps
Offering VisionaryOps to Project Build Discarder
Finished at Sun Jul 28 23:24:44 UTC 2024. 1717ms
Started at Mon Jul 29 00:24:42 UTC 2024
Processing 1111
Offering 1111 to Project Build Discarder
Processing aaa
Offering aaa to Project Build Discarder
Processing bachboucha
Offering bachboucha to Project Build Discarder
Processing nour
Offering nour to Project Build Discarder
Processing soussou
Offering soussou to Project Build Discarder
Processing vis
Offering vis to Project Build Discarder
Processing VisionaryOps
Offering VisionaryOps to Project Build Discarder
Finished at Mon Jul 29 00:24:42 UTC 2024. 61ms
Started at Mon Jul 29 01:24:42 UTC 2024
Processing 1111
Offering 1111 to Project Build Discarder
Processing aaa
Offering aaa to Project Build Discarder
Processing bachboucha
Offering bachboucha to Project Build Discarder
Processing nour
Offering nour to Project Build Discarder
Processing soussou
Offering soussou to Project Build Discarder
Processing vis
Offering vis to Project Build Discarder
Processing VisionaryOps
Offering VisionaryOps to Project Build Discarder
Finished at Mon Jul 29 01:24:42 UTC 2024. 57ms
Started at Mon Jul 29 10:12:00 UTC 2024
Processing 1111
Offering 1111 to Project Build Discarder
Processing aaa
Offering aaa to Project Build Discarder
Processing bachboucha
Offering bachboucha to Project Build Discarder
Processing nour
Offering nour to Project Build Discarder
Processing soussou
Offering soussou to Project Build Discarder
Processing vis
Offering vis to Project Build Discarder
Processing VisionaryOps
Offering VisionaryOps to Project Build Discarder
Finished at Mon Jul 29 10:12:00 UTC 2024. 12ms
